<?xml version="1.0" encoding="UTF-8" standalone="yes"?>
<?xml-stylesheet type='text/xsl' href='testSuiteResponse.xsl'?>
<testSuite suiteName="Test Suite">
    <execution executionHost="{EXECUTIONHOST}" executionStartTime="{STARTTIME}" executionStartTimestamp="{STARTTIMSTAMP}">
        <resultsSummary endState="PASSED" featuresFailed="0" featuresPassed="1" featuresPending="0" scenariosFailed="0" scenariosPassed="1" scenariosPending="0" stepsFailed="0" stepsPassed="1" stepsPending="0" stepsSkipped="0" stepsUndefined="0" timeTaken="{TIMETAKEN}" timeTakenSeconds="{TIMETAKEN_SECONDS}" unavailableHandlers="0"/>
        <testSuiteName>Test Suite</testSuiteName>
    </execution>
    <features>
        <feature configurationName="base" endState="PASSED" name="Simple Feature" tokenId="{TOKENID}">
            <description></description>
            <scenarios>
                <scenario endState="PASSED" name="Simple Scenario" tokenId="{TOKENID}">
                    <steps>
                        <step type="Given" action="I wait 1 seconds for a step to run" endState="PASSED" message="" timeTaken="{TIMETAKEN}" timeTakenSeconds="{TIMETAKEN_SECONDS}" tokenId="{TOKENID}"/>
                    </steps>
                </scenario>
            </scenarios>
            <usesHandlers>Timers</usesHandlers>
        </feature>
    </features>
</testSuite>
